stm32l1xx_hal_rcc_ex.c:108:19:HAL_RCCEx_PeriphCLKConfig	40	static
stm32l1xx_hal_rcc_ex.c:234:6:HAL_RCCEx_GetPeriphCLKConfig	0	static
stm32l1xx_hal_rcc_ex.c:271:10:HAL_RCCEx_GetPeriphCLKFreq	0	static
stm32l1xx_hal_rcc_ex.c:360:6:HAL_RCCEx_EnableLSECSS	0	static
stm32l1xx_hal_rcc_ex.c:373:6:HAL_RCCEx_DisableLSECSS	0	static
stm32l1xx_hal_rcc_ex.c:387:6:HAL_RCCEx_EnableLSECSS_IT	0	static
stm32l1xx_hal_rcc_ex.c:421:13:HAL_RCCEx_LSECSS_Callback	0	static
stm32l1xx_hal_rcc_ex.c:404:6:HAL_RCCEx_LSECSS_IRQHandler	8	static
