stm32l1xx_hal_uart.c:1873:13:UART_SetConfig	32	static
stm32l1xx_hal_uart.c:1660:26:UART_WaitOnFlagUntilTimeout.constprop	24	static
stm32l1xx_hal_uart.c:536:14:HAL_UART_MspInit	0	static
stm32l1xx_hal_uart.c:248:19:HAL_UART_Init	8	static
stm32l1xx_hal_uart.c:310:19:HAL_HalfDuplex_Init	8	static
stm32l1xx_hal_uart.c:370:19:HAL_LIN_Init	16	static
stm32l1xx_hal_uart.c:436:19:HAL_MultiProcessor_Init	16	static
stm32l1xx_hal_uart.c:552:14:HAL_UART_MspDeInit	0	static
stm32l1xx_hal_uart.c:498:19:HAL_UART_DeInit	16	static
stm32l1xx_hal_uart.c:632:19:HAL_UART_Transmit	16	static
stm32l1xx_hal_uart.c:726:19:HAL_UART_Receive	16	static
stm32l1xx_hal_uart.c:825:19:HAL_UART_Transmit_IT	0	static
stm32l1xx_hal_uart.c:877:19:HAL_UART_Receive_IT	0	static
stm32l1xx_hal_uart.c:935:19:HAL_UART_Transmit_DMA	8	static
stm32l1xx_hal_uart.c:1007:19:HAL_UART_Receive_DMA	16	static
stm32l1xx_hal_uart.c:1071:19:HAL_UART_DMAPause	0	static
stm32l1xx_hal_uart.c:1111:19:HAL_UART_DMAResume	8	static
stm32l1xx_hal_uart.c:1155:19:HAL_UART_DMAStop	8	static
stm32l1xx_hal_uart.c:1264:14:HAL_UART_TxCpltCallback	0	static
stm32l1xx_hal_uart.c:1556:13:UART_DMATransmitCplt	8	static
stm32l1xx_hal_uart.c:1280:14:HAL_UART_TxHalfCpltCallback	0	static
stm32l1xx_hal_uart.c:1584:13:UART_DMATxHalfCplt	8	static
stm32l1xx_hal_uart.c:1296:13:HAL_UART_RxCpltCallback	0	static
stm32l1xx_hal_uart.c:1597:13:UART_DMAReceiveCplt	8	static
stm32l1xx_hal_uart.c:1312:13:HAL_UART_RxHalfCpltCallback	0	static
stm32l1xx_hal_uart.c:1628:13:UART_DMARxHalfCplt	8	static
stm32l1xx_hal_uart.c:1328:14:HAL_UART_ErrorCallback	0	static
stm32l1xx_hal_uart.c:1641:13:UART_DMAError	8	static
stm32l1xx_hal_uart.c:1188:6:HAL_UART_IRQHandler	16	static
stm32l1xx_hal_uart.c:1367:19:HAL_LIN_SendBreak	0	static
stm32l1xx_hal_uart.c:1394:19:HAL_MultiProcessor_EnterMuteMode	0	static
stm32l1xx_hal_uart.c:1421:19:HAL_MultiProcessor_ExitMuteMode	0	static
stm32l1xx_hal_uart.c:1448:19:HAL_HalfDuplex_EnableTransmitter	0	static
stm32l1xx_hal_uart.c:1474:19:HAL_HalfDuplex_EnableReceiver	0	static
stm32l1xx_hal_uart.c:1522:23:HAL_UART_GetState	0	static
stm32l1xx_hal_uart.c:1533:10:HAL_UART_GetError	0	static
